// Jest Snapshot v1, https://goo.gl/fbAQLP

exports[`rest crypto endpoint should return success 1`] = `
Object {
  "data": Object {
    "result": 39829.3,
  },
  "result": 39829.3,
  "statusCode": 200,
  "timestamps": Object {
    "providerDataReceived": 1641035471111,
    "providerDataRequested": 1641035471111,
    "providerIndicatedTime": 1645199637000,
  },
}
`;
